(---------------------------------------------------------------------)
(                                                                     )
(    Allegro Netrev Import Logic                                      )
(                                                                     )
(    Drawing          : P1-CEF-DRAGOTONIU.brd                         )
(    Software Version : 17.2S025                                      )
(    Date/Time        : Fri Dec 05 18:02:20 2025                      )
(                                                                     )
(---------------------------------------------------------------------)


------ Directives ------------

Ripup etch:                  No
Ripup delete first segment:  No
Ripup retain bondwire:       No
Ripup symbols:               Always
Missing symbol has error:    No
DRC update:                  Yes
Schematic directory:         'C:\USERS\DRAGO\DESKTOP\PROIECT1-CEF-FINAL\allegro'
Design Directory:            'C:/Users/drago/Desktop/PROIECT1-CEF-FINAL'
Old design name:             'C:/Users/drago/Desktop/PROIECT1-CEF-FINAL/P1-CEF-DRAGOTONIU.brd'
New design name:             'C:/Users/drago/Desktop/PROIECT1-CEF-FINAL/P1-CEF-DRAGOTONIU.brd'

CmdLine: netrev.exe -y 1 -i C:\USERS\DRAGO\DESKTOP\PROIECT1-CEF-FINAL\allegro C:\Users\drago\Desktop\PROIECT1-CEF-FINAL\P1-CEF-DRAGOTONIU.brd C:\Users\drago\Desktop\PROIECT1-CEF-FINAL\P1-CEF-DRAGOTONIU.brd

------ Preparing to read pst files ------

Starting to read C:/USERS/DRAGO/DESKTOP/PROIECT1-CEF-FINAL/allegro/pstchip.dat 
   Finished reading C:/USERS/DRAGO/DESKTOP/PROIECT1-CEF-FINAL/allegro/pstchip.dat (00:00:00.05)
Starting to read C:/USERS/DRAGO/DESKTOP/PROIECT1-CEF-FINAL/allegro/pstxprt.dat 
   Finished reading C:/USERS/DRAGO/DESKTOP/PROIECT1-CEF-FINAL/allegro/pstxprt.dat (00:00:00.00)
Starting to read C:/USERS/DRAGO/DESKTOP/PROIECT1-CEF-FINAL/allegro/pstxnet.dat 
   Finished reading C:/USERS/DRAGO/DESKTOP/PROIECT1-CEF-FINAL/allegro/pstxnet.dat (00:00:00.00)

------ Oversights/Warnings/Errors ------


------ Library Paths ------
MODULEPATH =  . 
           C:/Cadence/SPB_17.2/share/local/pcb/modules 

PSMPATH =  . 
           symbols 
           .. 
           ../symbols 
           C:/Cadence/SPB_17.2/share/local/pcb/symbols 
           C:/Cadence/SPB_17.2/share/pcb/pcb_lib/symbols 
           C:/Cadence/SPB_17.2/share/pcb/allegrolib/symbols 

PADPATH =  . 
           symbols 
           .. 
           ../symbols 
           C:/Cadence/SPB_17.2/share/local/pcb/padstacks 
           C:/Cadence/SPB_17.2/share/pcb/pcb_lib/symbols 
           C:/Cadence/SPB_17.2/share/pcb/allegrolib/symbols 


------ Summary Statistics ------


netrev run on Dec 5 18:02:20 2025
   DESIGN NAME : 'PROIECT1_TEST3'
   PACKAGING ON Jul 30 2017 03:29:02

   COMPILE 'logic'
   CHECK_PIN_NAMES OFF
   CROSS_REFERENCE OFF
   FEEDBACK OFF
   INCREMENTAL OFF
   INTERFACE_TYPE PHYSICAL
   MAX_ERRORS 500
   MERGE_MINIMUM 5
   NET_NAME_CHARS '#%&()*+-./:=>?@[]^_`|'
   NET_NAME_LENGTH 24
   OVERSIGHTS ON
   REPLACE_CHECK OFF
   SINGLE_NODE_NETS ON
   SPLIT_MINIMUM 0
   SUPPRESS   20
   WARNINGS ON

 No error detected
 No oversight detected
 No warning detected

cpu time      0:00:27
elapsed time  0:00:00

