Tue Dec 02 15:15:40 2025				Page     1


 
Update Symbols/Modules Logfile
	Tue Dec 02 15:15:40 2025

------ Module Refresh Messages ------

SUMMARY:    Updated 0 out of 0 modules

------ End Module Messages     ------



(---------------------------------------------------------------------)
(                                                                     )
(    Refresh Symbol                                                   )
(                                                                     )
(    Drawing          : PROIECT1.brd                                  )
(    Software Version : 17.2S025                                      )
(    Date/Time        : Tue Dec 02 15:15:40 2025                      )
(                                                                     )
(---------------------------------------------------------------------)


Tue Dec 02 15:15:40 2025				Page     1


------ Symbol Refresh Directives ------

Input design  = 'C:/Users/drago/Desktop/Proiect 1/allegro/PROIECT1.brd'
Output design = ''

Update mechanical symbols              = 'NO'
Update format symbols                  = 'NO'
Update package symbols                 = 'NO'
Update shape/flash symbols             = 'NO'
Update symbol padstacks                = 'YES'
Preserve padstacks replaced on pins    = 'NO'
Reset symbol text and size locations   = 'NO'
Reset Pin Escapes (fanouts)            = 'NO'
Ripup Etch                             = 'NO'
Reset custom drill data                = 'NO'
Symbol list file                       = 'C:/Users/drago/AppData/Local/Temp/#Taaaaah19880.tmp'


------ Library Paths ------
PSMPATH =  . 
           symbols 
           .. 
           ../symbols 
           C:/Cadence/SPB_17.2/share/local/pcb/symbols 
           C:/Cadence/SPB_17.2/share/pcb/pcb_lib/symbols 
           C:/Cadence/SPB_17.2/share/pcb/allegrolib/symbols 

PADPATH =  . 
           symbols 
           .. 
           ../symbols 
           C:/Cadence/SPB_17.2/share/local/pcb/padstacks 
           C:/Cadence/SPB_17.2/share/pcb/pcb_lib/symbols 
           C:/Cadence/SPB_17.2/share/pcb/allegrolib/symbols 


------ Symbol Refresh Messages ------

'TO236AA'  symbol refreshed successfully.


------ Pad Stack Refresh Messages ------

'SMD50_36'  pad stack refreshed successfully.


----- Symbol Update Summary ----

Updated symbols: 1 out 1
    Design updated.

