(---------------------------------------------------------------------)
(                                                                     )
(    NC DRILL Log                                                     )
(                                                                     )
(    Drawing          : P1-CEF-DRAGOTONIU.brd                         )
(    Software Version : 17.2S025                                      )
(    Date/Time        : Fri Dec 05 18:20:10 2025                      )
(                                                                     )
(---------------------------------------------------------------------)



 Processing NC Parameters file 'nc_param.txt' ...

 NC PARAMETERS
 -------------

 FORMAT   		2.5
 MACHINE-OFFSET		x:0.00000	y:0.00000   (mm)
 FEEDRATE		1
 COORDINATES		ABSOLUTE
 OUTPUT-UNITS		METRIC
 TOOL-ORDER		INCREASING
 REPEAT-CODES		YES
 SUPPRESS-LEAD-ZEROES	YES
 SUPPRESS-TRAIL-ZEROES	NO
 SUPPRESS-EQUAL		NO
 TOOL-SELECT		NO
 HEADER			none
 LEADER			12
 CODE			ASCII
 SEPARATE		NO
 SEPARATE-ROUTING	NO
 OPTIMIZE_DRILLING	NO
 ENHANCED_EXCELLON	YES
 SCALE			1.000000



 Drill files being output to directory 'C:/Users/drago/Desktop/PROIECT1-CEF-FINAL' ...



     'drill-1-2.drl' created for holes connecting TOP and BOTTOM
     -----------------------------------------------------------

           Num     Size      +/- Tolerance     Plating   Quantity

            1.   0.4000    0.0000/  0.0000      PLATED         32

     ---- Total holes:                                         32

     ---- Total head travel:              1.13 feet (0.34 meters)

