(---------------------------------------------------------------------)
(                                                                     )
(    ARTWORK LOG                                                      )
(                                                                     )
(    Drawing          : P1-CEF-DRAGOTONIU.brd                         )
(    Software Version : 17.2S025                                      )
(    Date/Time        : Fri Dec 05 19:14:16 2025                      )
(                                                                     )
(---------------------------------------------------------------------)


 ---- Photoplot outline rectangle not found; using drawing extents.



Results from parameter file ...
    DEVICE-TYPE           GERBER_RS274X
    OUTPUT-UNITS          MM
    FILM-SIZE             2400000 1600000
    FORMAT                2.5
    ABORT-ON-ERROR        NO
    SCALE                 1
    SUPPRESS-LEAD-ZEROES  YES
    SUPPRESS-TRAIL-ZEROES NO
    SUPPRESS-EQUAL        YES
    UNDEF-APT-CONT        NO



================================================================
     PROCESSING FILM < FAB >
     TO FILE < C:/Users/drago/Desktop/PROIECT1-CEF-FINAL/FAB.art > ...
================================================================

  FILM PARAMETERS :
  ---------------------------------------------------------
  Undefined line width                0.1500
  Mirror code                         NONE
  Rotate angle                        NONE
  Offset x:                           0.0000
  Offset y:                           0.0000
  Plot negative                       NO
  Suppress unconnected internal pads  NO
  Draw holes only                     NO

    WARNING: 0 width line found at (0.8100 68.4150)
           ... using undefined line width of 0.1500

    WARNING: Multiple 0 width lines; all will be treated the same as the first.
           ... using undefined line width of 0.1500

    WARNING: text composed 0 width line found at (12.2273 70.0025)
           ... using undefined line width of 0.1500

    WARNING: text having Multiple 0 width lines; all will be treated the same as the first.
           ... using undefined line width of 0.1500



  APERTURES USED:
  ---------------------------------------------------------
  TYPE       SIZE/NAME                   ROT   MIRROR MODE 
  ---------------------------------------------------------
  CIRCLE     0.15000                                  DARK 

     FAB created with warnings


------------------------------------------------------
 SUMMARY:
        FAB created with warnings

 ARTWORK had warnings
